Running with 3 chains, computing 300 samples per chain.
Mean value of the 4-parameter downscaling:
    0.836776 1.13711 1.18733 1.35706 
Comparison mean value of the downscaled 64-parameter mean:
    0.836776 1.13711 1.18733 1.35706 
Number of samples = 900
